Archive member included to satisfy reference by file (symbol)

/home/VERSALOGIC.NET/acave/fsl-release-krogoth/build-x11/tmp/sysroots/imx6qtetra/usr/lib/arm-poky-linux-gnueabi/5.3.0/libgcc.a(_udivsi3.o)
                              arch/arm/cpu/armv7/built-in.o (__aeabi_uidiv)
/home/VERSALOGIC.NET/acave/fsl-release-krogoth/build-x11/tmp/sysroots/imx6qtetra/usr/lib/arm-poky-linux-gnueabi/5.3.0/libgcc.a(_divsi3.o)
                              cmd/built-in.o (__aeabi_idiv)
/home/VERSALOGIC.NET/acave/fsl-release-krogoth/build-x11/tmp/sysroots/imx6qtetra/usr/lib/arm-poky-linux-gnueabi/5.3.0/libgcc.a(_lshrdi3.o)
                              fs/built-in.o (__aeabi_llsr)
/home/VERSALOGIC.NET/acave/fsl-release-krogoth/build-x11/tmp/sysroots/imx6qtetra/usr/lib/arm-poky-linux-gnueabi/5.3.0/libgcc.a(_ashldi3.o)
                              drivers/mmc/built-in.o (__aeabi_llsl)
/home/VERSALOGIC.NET/acave/fsl-release-krogoth/build-x11/tmp/sysroots/imx6qtetra/usr/lib/arm-poky-linux-gnueabi/5.3.0/libgcc.a(_dvmd_lnx.o)
                              /home/VERSALOGIC.NET/acave/fsl-release-krogoth/build-x11/tmp/sysroots/imx6qtetra/usr/lib/arm-poky-linux-gnueabi/5.3.0/libgcc.a(_udivsi3.o) (__aeabi_idiv0)

Discarded input sections

 .data          0x0000000000000000        0x0 arch/arm/cpu/armv7/start.o
 .bss           0x0000000000000000        0x0 arch/arm/cpu/armv7/start.o
 .text.v7_outer_cache_enable
                0x0000000000000000        0x4 arch/arm/cpu/armv7/built-in.o
 .text.v7_outer_cache_disable
                0x0000000000000000        0x4 arch/arm/cpu/armv7/built-in.o
 .text.v7_outer_cache_flush_all
                0x0000000000000000        0x4 arch/arm/cpu/armv7/built-in.o
 .text.v7_outer_cache_inval_all
                0x0000000000000000        0x4 arch/arm/cpu/armv7/built-in.o
 .text.v7_outer_cache_flush_range
                0x0000000000000000        0x4 arch/arm/cpu/armv7/built-in.o
 .text.v7_outer_cache_inval_range
                0x0000000000000000        0x4 arch/arm/cpu/armv7/built-in.o
 .text.v7_arch_cp15_set_l2aux_ctrl
                0x0000000000000000        0x8 arch/arm/cpu/armv7/built-in.o
 .text.v7_arch_cp15_set_acr
                0x0000000000000000        0x8 arch/arm/cpu/armv7/built-in.o
 .text.sdelay   0x0000000000000000        0xc arch/arm/cpu/armv7/built-in.o
 .text.wait_on_value
                0x0000000000000000       0x34 arch/arm/cpu/armv7/built-in.o
 .text.get_boot_device
                0x0000000000000000       0x9c arch/arm/cpu/armv7/built-in.o
 .text.set_wdog_reset
                0x0000000000000000       0x18 arch/arm/cpu/armv7/built-in.o
 .text.check_1_2G
                0x0000000000000000       0x5c arch/arm/cpu/armv7/built-in.o
 .text.set_arm_freq_400M
                0x0000000000000000       0x2c arch/arm/cpu/armv7/built-in.o
 .text.prep_anatop_bypass
                0x0000000000000000       0x60 arch/arm/cpu/armv7/built-in.o
 .text.set_anatop_bypass
                0x0000000000000000       0x50 arch/arm/cpu/armv7/built-in.o
 .text.finish_anatop_bypass
                0x0000000000000000       0x24 arch/arm/cpu/armv7/built-in.o
 .text.enable_enet_clk
                0x0000000000000000       0x64 arch/arm/cpu/armv7/built-in.o
 .text.enable_uart_clk
                0x0000000000000000       0x54 arch/arm/cpu/armv7/built-in.o
 .text.enable_usdhc_clk
                0x0000000000000000       0x4c arch/arm/cpu/armv7/built-in.o
 .text.enable_spi_clk
                0x0000000000000000       0x44 arch/arm/cpu/armv7/built-in.o
 .data          0x0000000000000000        0x0 arch/arm/cpu/armv7/built-in.o
 .bss           0x0000000000000000        0x0 arch/arm/cpu/armv7/built-in.o
 .bss.arm_orig_podf
                0x0000000000000000        0x4 arch/arm/cpu/armv7/built-in.o
 .text          0x0000000000000000        0x0 arch/arm/imx-common/built-in.o
 .text.get_imx_reset_cause
                0x0000000000000000       0x10 arch/arm/imx-common/built-in.o
 .text.set_chipselect_size
                0x0000000000000000       0x84 arch/arm/imx-common/built-in.o
 .text.mxs_wait_mask_set
                0x0000000000000000       0x3c arch/arm/imx-common/built-in.o
 .text.mxs_wait_mask_clr
                0x0000000000000000       0x3c arch/arm/imx-common/built-in.o
 .text.mxs_reset_block
                0x0000000000000000       0x90 arch/arm/imx-common/built-in.o
 .text.detect_hdmi
                0x0000000000000000       0x18 arch/arm/imx-common/built-in.o
 .data          0x0000000000000000        0x0 arch/arm/imx-common/built-in.o
 .bss           0x0000000000000000        0x0 arch/arm/imx-common/built-in.o
 .text.reset_misc
                0x0000000000000000        0x4 arch/arm/lib/built-in.o
 .text.enable_caches
                0x0000000000000000        0xc arch/arm/lib/built-in.o
 .text.invalidate_dcache_range
                0x0000000000000000        0x4 arch/arm/lib/built-in.o
 .text.flush_dcache_range
                0x0000000000000000        0x4 arch/arm/lib/built-in.o
 .text.flush_dcache_all
[...]
Memory Configuration

Name             Origin             Length             Attributes
*default*        0x0000000000000000 0xffffffffffffffff

Linker script and memory map

Address of section .text set to 0x17800000
                0x0000000000000000                . = 0x0
                0x0000000000000000                . = ALIGN (0x4)

.text           0x0000000017800000    0x4a054
 *(.__image_copy_start)
 .__image_copy_start
                0x0000000017800000        0x0 arch/arm/lib/built-in.o
                0x0000000017800000                __image_copy_start
 *(.vectors)
 .vectors       0x0000000017800000      0x2e8 arch/arm/lib/built-in.o
                0x0000000017800000                _start
                0x0000000017800020                _undefined_instruction
                0x0000000017800024                _software_interrupt
                0x0000000017800028                _prefetch_abort
                0x000000001780002c                _data_abort
                0x0000000017800030                _not_used
                0x0000000017800034                _irq
                0x0000000017800038                _fiq
                0x0000000017800040                IRQ_STACK_START_IN
 arch/arm/cpu/armv7/start.o(.text*)
 .text          0x00000000178002e8       0xec arch/arm/cpu/armv7/start.o
                0x00000000178002e8                reset
                0x00000000178002ec                save_boot_params_ret
                0x0000000017800328                c_runtime_cpu_setup
                0x0000000017800338                save_boot_params
                0x000000001780033c                cpu_init_cp15
                0x00000000178003cc                cpu_init_crit
 *(.text*)
 .text          0x00000000178003d4       0x24 arch/arm/cpu/armv7/built-in.o
                0x00000000178003d4                lowlevel_init
 .text.v7_maint_dcache_all
                0x00000000178003f8       0xd0 arch/arm/cpu/armv7/built-in.o
 .text.invalidate_icache_all
                0x00000000178004c8       0x18 arch/arm/cpu/armv7/built-in.o
                0x00000000178004c8                invalidate_icache_all
 .text.flush_dcache_all
                0x00000000178004e0       0x14 arch/arm/cpu/armv7/built-in.o
                0x00000000178004e0                flush_dcache_all
 .text.invalidate_dcache_all
                0x00000000178004f4       0x14 arch/arm/cpu/armv7/built-in.o
                0x00000000178004f4                invalidate_dcache_all
 .text.arm_init_before_mmu
                0x0000000017800508       0x28 arch/arm/cpu/armv7/built-in.o
                0x0000000017800508                arm_init_before_mmu
 .text.flush_dcache_range
                0x0000000017800530       0x38 arch/arm/cpu/armv7/built-in.o
                0x0000000017800530                flush_dcache_range
 .text.mmu_page_table_flush
                0x0000000017800568       0x24 arch/arm/cpu/armv7/built-in.o
                0x0000000017800568                mmu_page_table_flush
 .text.invalidate_dcache_range
                0x000000001780058c       0xa8 arch/arm/cpu/armv7/built-in.o
                0x000000001780058c                invalidate_dcache_range
 .text.cpu_cache_initialization
                0x0000000017800634        0x4 arch/arm/cpu/armv7/built-in.o
                0x0000000017800634                cpu_cache_initialization
 .text.cleanup_before_linux_select
                0x0000000017800638       0x4c arch/arm/cpu/armv7/built-in.o
                0x0000000017800638                cleanup_before_linux_select
 .text.cleanup_before_linux
                0x0000000017800684        0x8 arch/arm/cpu/armv7/built-in.o
                0x0000000017800684                cleanup_before_linux
 .text.get_nr_cpus
                0x000000001780068c       0x10 arch/arm/cpu/armv7/built-in.o
                0x000000001780068c                get_nr_cpus
 .text.get_cpu_rev
                0x000000001780069c       0x90 arch/arm/cpu/armv7/built-in.o
                0x000000001780069c                get_cpu_rev
 .text.set_ldo_voltage
                0x000000001780072c       0xd4 arch/arm/cpu/armv7/built-in.o
 .text.get_cpu_speed_grade_hz
                0x0000000017800800      0x128 arch/arm/cpu/armv7/built-in.o
                0x0000000017800800                get_cpu_speed_grade_hz
 .text.get_cpu_temp_grade
                0x0000000017800928       0x68 arch/arm/cpu/armv7/built-in.o
                0x0000000017800928                get_cpu_temp_grade
 .text.get_board_rev
                0x0000000017800990       0x40 arch/arm/cpu/armv7/built-in.o
                0x0000000017800990                get_board_rev
 .text.arch_cpu_init
                0x00000000178009d0      0x368 arch/arm/cpu/armv7/built-in.o
                0x00000000178009d0                arch_cpu_init
 .text.board_postclk_init
                0x0000000017800d38       0x28 arch/arm/cpu/armv7/built-in.o
                0x0000000017800d38                board_postclk_init
 .text.imx_get_mac_from_fuse
                0x0000000017800d60       0xb8 arch/arm/cpu/armv7/built-in.o
                0x0000000017800d60                imx_get_mac_from_fuse
 .text.reset_misc
                0x0000000017800e18        0x4 arch/arm/cpu/armv7/built-in.o
                0x0000000017800e18                reset_misc
 .text.s_init   0x0000000017800e1c       0xa8 arch/arm/cpu/armv7/built-in.o
                0x0000000017800e1c                s_init
 .text.imx_enable_hdmi_phy
                0x0000000017800ec4       0x4c arch/arm/cpu/armv7/built-in.o
                0x0000000017800ec4                imx_enable_hdmi_phy
 .text.imx_setup_hdmi
                0x0000000017800f10       0x78 arch/arm/cpu/armv7/built-in.o
                0x0000000017800f10                imx_setup_hdmi
 .text.check_ldo_bypass
                0x0000000017800f88       0x78 arch/arm/cpu/armv7/built-in.o
                0x0000000017800f88                check_ldo_bypass
 .text.get_ipg_clk
                0x0000000017801000       0x28 arch/arm/cpu/armv7/built-in.o
 .text.get_uart_clk
                0x0000000017801028       0xd8 arch/arm/cpu/armv7/built-in.o
 .text.mxc_get_pll_pfd
                0x0000000017801100       0xd4 arch/arm/cpu/armv7/built-in.o
 .text.get_usdhc_clk
                0x00000000178011d4       0xe8 arch/arm/cpu/armv7/built-in.o
 .text.enable_ocotp_clk
                0x00000000178012bc       0x24 arch/arm/cpu/armv7/built-in.o
                0x00000000178012bc                enable_ocotp_clk
 .text.enable_usboh3_clk
                0x00000000178012e0       0x24 arch/arm/cpu/armv7/built-in.o
                0x00000000178012e0                enable_usboh3_clk
 .text.enable_i2c_clk
                0x0000000017801304       0xd8 arch/arm/cpu/armv7/built-in.o
                0x0000000017801304                enable_i2c_clk
 .text.get_periph_clk
                0x00000000178013dc       0xdc arch/arm/cpu/armv7/built-in.o
                0x00000000178013dc                get_periph_clk
 .text.get_axi_clk
                0x00000000178014b8       0x4c arch/arm/cpu/armv7/built-in.o
 .text.enable_fec_anatop_clock
                0x0000000017801504       0xf4 arch/arm/cpu/armv7/built-in.o
                0x0000000017801504                enable_fec_anatop_clock
 .text.imx_get_uartclk
                0x00000000178015f8        0x4 arch/arm/cpu/armv7/built-in.o
                0x00000000178015f8                imx_get_uartclk
 .text.enable_sata_clock
                0x00000000178015fc       0x7c arch/arm/cpu/armv7/built-in.o
                0x00000000178015fc                enable_sata_clock
 .text.disable_sata_clock
                0x0000000017801678       0x18 arch/arm/cpu/armv7/built-in.o
                0x0000000017801678                disable_sata_clock
 .text.enable_thermal_clk
                0x0000000017801690       0x48 arch/arm/cpu/armv7/built-in.o
                0x0000000017801690                enable_thermal_clk
 .text.mxc_get_clock
                0x00000000178016d8      0x4bc arch/arm/cpu/armv7/built-in.o
                0x00000000178016d8                mxc_get_clock
 .text.imx_get_fecclk
                0x0000000017801b94        0x8 arch/arm/cpu/armv7/built-in.o
                0x0000000017801b94                imx_get_fecclk
 .text.do_mx6_showclocks
                0x0000000017801b9c      0x24c arch/arm/cpu/armv7/built-in.o
                0x0000000017801b9c                do_mx6_showclocks
 .text.enable_ipu_clock
                0x0000000017801de8       0x90 arch/arm/cpu/armv7/built-in.o
                0x0000000017801de8                enable_ipu_clock
 .text.cpu_reset
                0x0000000017801e78       0x28 arch/arm/cpu/armv7/built-in.o
                0x0000000017801e78                cpu_reset
 .text.cpu_status
                0x0000000017801ea0       0x40 arch/arm/cpu/armv7/built-in.o
                0x0000000017801ea0                cpu_status
 .text.cpu_release
                0x0000000017801ee0       0x84 arch/arm/cpu/armv7/built-in.o
                0x0000000017801ee0                cpu_release
 .text.is_core_valid
                0x0000000017801f64       0x1c arch/arm/cpu/armv7/built-in.o
                0x0000000017801f64                is_core_valid
 .text.cpu_disable
                0x0000000017801f80       0x28 arch/arm/cpu/armv7/built-in.o
                0x0000000017801f80                cpu_disable
 .text.imx_iomux_v3_setup_pad
                0x0000000017801fa8       0xfc arch/arm/imx-common/built-in.o
                0x0000000017801fa8                imx_iomux_v3_setup_pad
 .text.imx_iomux_v3_setup_multiple_pads
                0x00000000178020a4       0x2c arch/arm/imx-common/built-in.o
                0x00000000178020a4                imx_iomux_v3_setup_multiple_pads
 .text.imx_iomux_set_gpr_register
                0x00000000178020d0       0x3c arch/arm/imx-common/built-in.o
                0x00000000178020d0                imx_iomux_set_gpr_register
 .text.imx_ddr_size
                0x000000001780210c       0x64 arch/arm/imx-common/built-in.o
                0x000000001780210c                imx_ddr_size
 .text.get_imx_type
                0x0000000017802170       0x20 arch/arm/imx-common/built-in.o
                0x0000000017802170                get_imx_type
 .text.print_cpuinfo
                0x0000000017802190      0x228 arch/arm/imx-common/built-in.o
                0x0000000017802190                print_cpuinfo
 .text.cpu_eth_init
                0x00000000178023b8        0x4 arch/arm/imx-common/built-in.o
                0x00000000178023b8                cpu_eth_init
 .text.cpu_mmc_init
                0x00000000178023bc        0x4 arch/arm/imx-common/built-in.o
                0x00000000178023bc                cpu_mmc_init
 .text.get_ahb_clk
                0x00000000178023c0       0x24 arch/arm/imx-common/built-in.o
                0x00000000178023c0                get_ahb_clk
 .text.arch_preboot_os
                0x00000000178023e4       0x1c arch/arm/imx-common/built-in.o
                0x00000000178023e4                arch_preboot_os
 .text.get_clocks
                0x0000000017802400       0x1c arch/arm/imx-common/built-in.o
                0x0000000017802400                get_clocks
 .text.force_idle_bus
                0x000000001780241c      0x1c4 arch/arm/imx-common/built-in.o
                0x000000001780241c                force_idle_bus
 .text.setup_i2c
                0x00000000178025e0       0xe4 arch/arm/imx-common/built-in.o
                0x00000000178025e0                setup_i2c
 .text.enable_caches
                0x00000000178026c4       0x34 arch/arm/imx-common/built-in.o
                0x00000000178026c4                enable_caches
 .text.v7_outer_cache_enable
                0x00000000178026f8       0x74 arch/arm/imx-common/built-in.o
                0x00000000178026f8                v7_outer_cache_enable
 .text.v7_outer_cache_disable
                0x000000001780276c       0x18 arch/arm/imx-common/built-in.o
                0x000000001780276c                v7_outer_cache_disable
 .text.init_aips
                0x0000000017802784       0xc0 arch/arm/imx-common/built-in.o
                0x0000000017802784                init_aips
 .text.imx_set_wdog_powerdown
                0x0000000017802844       0xa0 arch/arm/imx-common/built-in.o
                0x0000000017802844                imx_set_wdog_powerdown
 .text.init_src
                0x00000000178028e4       0x18 arch/arm/imx-common/built-in.o
                0x00000000178028e4                init_src
 .text.boot_mode_apply
                0x00000000178028fc       0x24 arch/arm/imx-common/built-in.o
                0x00000000178028fc                boot_mode_apply
 .text.setup_sata
                0x0000000017802920       0x80 arch/arm/imx-common/built-in.o
                0x0000000017802920                setup_sata
 .text.board_video_skip
                0x00000000178029a0      0x16c arch/arm/imx-common/built-in.o
                0x00000000178029a0                board_video_skip
 .text.timer_init
                0x0000000017802b0c      0x198 arch/arm/imx-common/built-in.o
                0x0000000017802b0c                timer_init
 .text.timer_read_counter
                0x0000000017802ca4       0x10 arch/arm/imx-common/built-in.o
                0x0000000017802ca4                timer_read_counter
 .text.get_tbclk
                0x0000000017802cb4       0xd0 arch/arm/imx-common/built-in.o
                0x0000000017802cb4                get_tbclk
 .text.create_usage
                0x0000000017802d84       0xac arch/arm/imx-common/built-in.o
 .text.do_boot_mode
                0x0000000017802e30       0xd4 arch/arm/imx-common/built-in.o
 .text.add_board_boot_modes
                0x0000000017802f04       0x60 arch/arm/imx-common/built-in.o
                0x0000000017802f04                add_board_boot_modes
 .text          0x0000000017802f64       0x90 arch/arm/lib/built-in.o
                0x0000000017802f64                _main
 .text.relocate_vectors
                0x0000000017802ff4       0x70 arch/arm/lib/built-in.o
                0x0000000017802ff4                relocate_vectors
                0x0000000017803000                relocate_code
 .text.arch_fixup_fdt
                0x0000000017803064       0x38 arch/arm/lib/built-in.o
                0x0000000017803064                arch_fixup_fdt
 .text.boot_jump_linux
                0x000000001780309c       0xc4 arch/arm/lib/built-in.o
 .text.arch_lmb_reserve
                0x0000000017803160       0x24 arch/arm/lib/built-in.o
                0x0000000017803160                arch_lmb_reserve
 .text.setup_board_tags
                0x0000000017803184        0x4 arch/arm/lib/built-in.o
                0x0000000017803184                setup_board_tags
 .text.boot_prep_linux
                0x0000000017803188      0x1d4 arch/arm/lib/built-in.o
 .text.do_bootm_linux
                0x000000001780335c       0x64 arch/arm/lib/built-in.o
                0x000000001780335c                do_bootm_linux
 .text.bootz_setup
                0x00000000178033c0       0x58 arch/arm/lib/built-in.o
                0x00000000178033c0                bootz_setup
 .text.boot_prep_vxworks
                0x0000000017803418       0x50 arch/arm/lib/built-in.o
                0x0000000017803418                boot_prep_vxworks
 .text.boot_jump_vxworks
                0x0000000017803468        0xc arch/arm/lib/built-in.o
                0x0000000017803468                boot_jump_vxworks
 .text.pl310_background_op_all_ways
                0x0000000017803474       0x38 arch/arm/lib/built-in.o
 .text.v7_outer_cache_inval_all
                0x00000000178034ac        0xc arch/arm/lib/built-in.o
                0x00000000178034ac                v7_outer_cache_inval_all
 .text.v7_outer_cache_flush_all
                0x00000000178034b8        0xc arch/arm/lib/built-in.o
                0x00000000178034b8                v7_outer_cache_flush_all
 .text.v7_outer_cache_flush_range
                0x00000000178034c4       0x30 arch/arm/lib/built-in.o
                0x00000000178034c4                v7_outer_cache_flush_range
 .text.v7_outer_cache_inval_range
                0x00000000178034f4       0x80 arch/arm/lib/built-in.o
                0x00000000178034f4                v7_outer_cache_inval_range
 .text.arch_reserve_stacks
                0x0000000017803574       0x1c arch/arm/lib/built-in.o
                0x0000000017803574                arch_reserve_stacks
 .text.interrupt_init
                0x0000000017803590       0x1c arch/arm/lib/built-in.o
                0x0000000017803590                interrupt_init
 .text.enable_interrupts
                0x00000000178035ac        0x4 arch/arm/lib/built-in.o
                0x00000000178035ac                enable_interrupts
 .text.disable_interrupts
                0x00000000178035b0        0x8 arch/arm/lib/built-in.o
                0x00000000178035b0                disable_interrupts
 .text.bad_mode
                0x00000000178035b8       0x10 arch/arm/lib/built-in.o
                0x00000000178035b8                bad_mode
 .text.show_regs
                0x00000000178035c8      0x174 arch/arm/lib/built-in.o
                0x00000000178035c8                show_regs
 .text.do_undefined_instruction
                0x000000001780373c       0x20 arch/arm/lib/built-in.o
                0x000000001780373c                do_undefined_instruction
 .text.do_software_interrupt
                0x000000001780375c       0x20 arch/arm/lib/built-in.o
                0x000000001780375c                do_software_interrupt
 .text.do_prefetch_abort
                0x000000001780377c       0x20 arch/arm/lib/built-in.o
                0x000000001780377c                do_prefetch_abort
 .text.do_data_abort
                0x000000001780379c       0x20 arch/arm/lib/built-in.o
                0x000000001780379c                do_data_abort
 .text.do_not_used
                0x00000000178037bc       0x20 arch/arm/lib/built-in.o
                0x00000000178037bc                do_not_used
 .text.do_fiq   0x00000000178037dc       0x20 arch/arm/lib/built-in.o
                0x00000000178037dc                do_fiq
 .text.do_irq   0x00000000178037fc       0x20 arch/arm/lib/built-in.o
                0x00000000178037fc                do_irq
 .text.do_reset
                0x000000001780381c       0x30 arch/arm/lib/built-in.o
                0x000000001780381c                do_reset
 .text.flush_cache
                0x000000001780384c        0x8 arch/arm/lib/built-in.o
                0x000000001780384c                flush_cache
 .text.cp_delay
                0x0000000017803854       0x30 arch/arm/lib/built-in.o
 .text.arm_init_domains
                0x0000000017803884        0x4 arch/arm/lib/built-in.o
                0x0000000017803884                arm_init_domains
 .text.set_section_dcache
                0x0000000017803888       0x14 arch/arm/lib/built-in.o
                0x0000000017803888                set_section_dcache
 .text.mmu_set_region_dcache_behaviour
                0x000000001780389c       0x4c arch/arm/lib/built-in.o
                0x000000001780389c                mmu_set_region_dcache_behaviour
 .text.dram_bank_mmu_setup
                0x00000000178038e8       0x44 arch/arm/lib/built-in.o
                0x00000000178038e8                dram_bank_mmu_setup
 .text.icache_enable
                0x000000001780392c       0x18 arch/arm/lib/built-in.o
                0x000000001780392c                icache_enable
 .text.icache_disable
                0x0000000017803944       0x20 arch/arm/lib/built-in.o
                0x0000000017803944                icache_disable
 .text.icache_status
                0x0000000017803964        0xc arch/arm/lib/built-in.o
                0x0000000017803964                icache_status
 .text.dcache_enable
                0x0000000017803970       0x7c arch/arm/lib/built-in.o
                0x0000000017803970                dcache_enable
 .text.dcache_disable
                0x00000000178039ec       0x2c arch/arm/lib/built-in.o
                0x00000000178039ec                dcache_disable
 .text.dcache_status
                0x0000000017803a18        0xc arch/arm/lib/built-in.o
                0x0000000017803a18                dcache_status
 .text.enable_lvds
                0x0000000017803a24       0x14 board/freescale/mx6tetra/built-in.o
 .text.enable_rgb
                0x0000000017803a38       0x24 board/freescale/mx6tetra/built-in.o
 .text.do_enable_hdmi
                0x0000000017803a5c       0x18 board/freescale/mx6tetra/built-in.o
 .text.dram_init
                0x0000000017803a74       0x18 board/freescale/mx6tetra/built-in.o
                0x0000000017803a74                dram_init
 .text.board_spi_cs_gpio
                0x0000000017803a8c       0x10 board/freescale/mx6tetra/built-in.o
                0x0000000017803a8c                board_spi_cs_gpio
 .text.board_mmc_getcd
                0x0000000017803a9c       0x48 board/freescale/mx6tetra/built-in.o
                0x0000000017803a9c                board_mmc_getcd
 .text.board_mmc_init
                0x0000000017803ae4       0x74 board/freescale/mx6tetra/built-in.o
                0x0000000017803ae4                board_mmc_init
 .text.mx6_rgmii_rework
                0x0000000017803b58       0xb4 board/freescale/mx6tetra/built-in.o
                0x0000000017803b58                mx6_rgmii_rework
 .text.board_phy_config
                0x0000000017803c0c       0x2c board/freescale/mx6tetra/built-in.o
                0x0000000017803c0c                board_phy_config
 .text.overwrite_console
                0x0000000017803c38        0x8 board/freescale/mx6tetra/built-in.o
                0x0000000017803c38                overwrite_console
 .text.board_eth_init
                0x0000000017803c40       0xcc board/freescale/mx6tetra/built-in.o
                0x0000000017803c40                board_eth_init
 .text.board_ehci_hcd_init
                0x0000000017803d0c       0x34 board/freescale/mx6tetra/built-in.o
                0x0000000017803d0c                board_ehci_hcd_init
 .text.board_ehci_power
                0x0000000017803d40       0x48 board/freescale/mx6tetra/built-in.o
                0x0000000017803d40                board_ehci_power
 .text.board_early_init_f
                0x0000000017803d88       0xc4 board/freescale/mx6tetra/built-in.o
                0x0000000017803d88                board_early_init_f
 .text.board_init
                0x0000000017803e4c      0x168 board/freescale/mx6tetra/built-in.o
                0x0000000017803e4c                board_init
 .text.power_init_board
                0x0000000017803fb4        0x8 board/freescale/mx6tetra/built-in.o
                0x0000000017803fb4                power_init_board
 .text.ldo_mode_set
                0x0000000017803fbc        0x4 board/freescale/mx6tetra/built-in.o
                0x0000000017803fbc                ldo_mode_set
 .text.board_late_init
                0x0000000017803fc0       0xbc board/freescale/mx6tetra/built-in.o
                0x0000000017803fc0                board_late_init
 .text.checkboard
                0x000000001780407c       0x18 board/freescale/mx6tetra/built-in.o
                0x000000001780407c                checkboard
 .text.do_go_exec
                0x0000000017804094       0x10 cmd/built-in.o
                0x0000000017804094                do_go_exec
 .text.do_go    0x00000000178040a4       0x6c cmd/built-in.o
 .text.do_bootm
                0x0000000017804110      0x10c cmd/built-in.o
                0x0000000017804110                do_bootm
 .text.do_bootd
                0x000000001780421c       0x20 cmd/built-in.o
                0x000000001780421c                do_bootd
 .text.image_info
                0x000000001780423c       0xcc cmd/built-in.o
 .text.do_iminfo
                0x0000000017804308       0x5c cmd/built-in.o
 .text.bootm_maybe_autostart
                0x0000000017804364       0x78 cmd/built-in.o
                0x0000000017804364                bootm_maybe_autostart
 .text.do_bootz
                0x00000000178043dc       0xf8 cmd/built-in.o
                0x00000000178043dc                do_bootz
 .text.do_help  0x00000000178044d4       0x44 cmd/built-in.o
 .text.do_version
                0x0000000017804518       0x38 cmd/built-in.o
 .text.source   0x0000000017804550       0xd8 cmd/built-in.o
                0x0000000017804550                source
 .text.do_source
                0x0000000017804628       0x44 cmd/built-in.o
 .text.print_num
                0x000000001780466c       0x14 cmd/built-in.o
 .text.do_bdinfo
                0x0000000017804680      0x190 cmd/built-in.o
 .text.parse_argv
                0x0000000017804810       0x64 cmd/built-in.o
 .text.do_icache
                0x0000000017804874       0x88 cmd/built-in.o
 .text.do_dcache
                0x00000000178048fc       0x88 cmd/built-in.o
 .text.do_coninfo
                0x0000000017804984       0xb0 cmd/built-in.o
 .text.do_echo  0x0000000017804a34       0xb0 cmd/built-in.o
 .text.load_elf_image_shdr
                0x0000000017804ae4       0x8c cmd/built-in.o
 .text.valid_elf_image
                0x0000000017804b70       0x4c cmd/built-in.o
                0x0000000017804b70                valid_elf_image
 .text.do_bootelf
                0x0000000017804bbc      0x1b0 cmd/built-in.o
                0x0000000017804bbc                do_bootelf
 .text.do_bootvx
                0x0000000017804d6c      0x330 cmd/built-in.o
                0x0000000017804d6c                do_bootvx
 .text.do_exit  0x000000001780509c       0x3c cmd/built-in.o
 .text.do_ext4_size
                0x00000000178050d8       0x18 cmd/built-in.o
                0x00000000178050d8                do_ext4_size
 .text.do_ext4_load
                0x00000000178050f0       0x18 cmd/built-in.o
                0x00000000178050f0                do_ext4_load
 .text.do_ext4_ls
                0x0000000017805108       0x18 cmd/built-in.o
                0x0000000017805108                do_ext4_ls
 .text.do_ext4_write
                0x0000000017805120       0x18 cmd/built-in.o
                0x0000000017805120                do_ext4_write
 .text.do_ext2load
                0x0000000017805138       0x18 cmd/built-in.o
                0x0000000017805138                do_ext2load
 .text.do_ext2ls
                0x0000000017805150       0x18 cmd/built-in.o
 .text.do_fat_size
                0x0000000017805168       0x18 cmd/built-in.o
                0x0000000017805168                do_fat_size
 .text.do_fat_fsload
                0x0000000017805180       0x18 cmd/built-in.o
                0x0000000017805180                do_fat_fsload
 .text.do_fat_ls
                0x0000000017805198       0x18 cmd/built-in.o
 .text.do_fat_fsinfo
                0x00000000178051b0       0x90 cmd/built-in.o
 .text.fdt_valid
                0x0000000017805240       0xbc cmd/built-in.o
 .text.is_printable_string
                0x00000000178052fc       0x9c cmd/built-in.o
 .text.print_data
                0x0000000017805398      0x174 cmd/built-in.o
 .text.set_working_fdt_addr
                0x000000001780550c       0x1c cmd/built-in.o
                0x000000001780550c                set_working_fdt_addr
 .text.do_fdt   0x0000000017805528      0xe5c cmd/built-in.o
 .text.do_flerase
                0x0000000017806384        0x8 cmd/built-in.o
 .text.do_protect
                0x000000001780638c       0x10 cmd/built-in.o
 .text.do_flinfo
                0x000000001780639c        0x8 cmd/built-in.o
 .text.do_size_wrapper
                0x00000000178063a4       0x18 cmd/built-in.o
 .text.do_load_wrapper
                0x00000000178063bc       0x18 cmd/built-in.o
 .text.do_save_wrapper
                0x00000000178063d4       0x18 cmd/built-in.o
 .text.do_ls_wrapper
                0x00000000178063ec       0x18 cmd/built-in.o
 .text.do_fstype_wrapper
                0x0000000017806404        0x4 cmd/built-in.o
 .text.strtou32
                0x0000000017806408       0x44 cmd/built-in.o
 .text.do_fuse  0x000000001780644c      0x358 cmd/built-in.o
 .text.name_to_gpio
                0x00000000178067a4        0xc cmd/built-in.o
                0x00000000178067a4                name_to_gpio
 .text.do_gpio  0x00000000178067b0      0x154 cmd/built-in.o
 .text.do_i2c   0x0000000017806904       0x68 cmd/built-in.o
 .text.do_i2c_bus_speed
                0x000000001780696c       0x78 cmd/built-in.o
 .text.do_i2c_reset
                0x00000000178069e4       0x2c cmd/built-in.o
 .text.do_i2c_probe
                0x0000000017806a10       0x9c cmd/built-in.o
 .text.do_i2c_bus_num
                0x0000000017806aac       0xb8 cmd/built-in.o
 .text.do_i2c_show_bus
                0x0000000017806b64       0xd0 cmd/built-in.o
 .text.get_alen.constprop.5
                0x0000000017806c34       0x3c cmd/built-in.o
 .text.do_i2c_crc
                0x0000000017806c70      0x120 cmd/built-in.o
 .text.mod_i2c_mem.isra.3
                0x0000000017806d90      0x1f0 cmd/built-in.o
 .text.do_i2c_nm
                0x0000000017806f80        0x8 cmd/built-in.o
 .text.do_i2c_mm
                0x0000000017806f88        0x8 cmd/built-in.o
 .text.do_i2c_md
                0x0000000017806f90      0x1e4 cmd/built-in.o
 .text.do_i2c_read
                0x0000000017807174       0xbc cmd/built-in.o
 .text.do_i2c_mw
                0x0000000017807230       0xfc cmd/built-in.o
 .text.do_i2c_write
                0x000000001780732c      0x14c cmd/built-in.o
 .text.do_i2c_loop
                0x0000000017807478       0xe4 cmd/built-in.o
 .text.i2c_init_board
                0x000000001780755c        0x4 cmd/built-in.o
                0x000000001780755c                i2c_init_board
 .text.evalexp  0x0000000017807560       0x78 cmd/built-in.o
 .text.evalstr  0x00000000178075d8       0x6c cmd/built-in.o
 .text.binary_test
                0x0000000017807644      0x1c0 cmd/built-in.o
 .text.do_itest
                0x0000000017807804       0x88 cmd/built-in.o
 .text.bin_data_init
                0x000000001780788c       0x2c cmd/built-in.o
 .text.k_data_save
                0x00000000178078b8       0x4c cmd/built-in.o
 .text.k_data_restore
                0x0000000017807904       0x4c cmd/built-in.o
 .text.getcxmodem
                0x0000000017807950       0x20 cmd/built-in.o
 .text.load_serial_ymodem
                0x0000000017807970       0xcc cmd/built-in.o
 .text.bin_data_char
                0x0000000017807a3c       0x2c cmd/built-in.o
 .text.chk1.constprop.1
                0x0000000017807a68       0x2c cmd/built-in.o
 .text.s1_sendpacket.constprop.2
                0x0000000017807a94       0x50 cmd/built-in.o
 .text.load_serial
                0x0000000017807ae4      0x1f0 cmd/built-in.o
 .text.do_load_serial
                0x0000000017807cd4       0xdc cmd/built-in.o
 .text.do_load_serial_bin
                0x0000000017807db0      0x7a4 cmd/built-in.o
 .text.do_mem_mw
                0x0000000017808554       0xc0 cmd/built-in.o
 .text.do_mem_loop
                0x0000000017808614       0xec cmd/built-in.o
 .text.do_mem_md
                0x0000000017808700       0xe4 cmd/built-in.o
 .text.do_mem_cmp
                0x00000000178087e4      0x168 cmd/built-in.o
 .text.do_mem_base
                0x000000001780894c       0x40 cmd/built-in.o
 .text.do_mem_cp
                0x000000001780898c       0xd8 cmd/built-in.o
 .text.do_mem_crc
                0x0000000017808a64       0x48 cmd/built-in.o
 .text.do_mem_mtest
                0x0000000017808aac      0x224 cmd/built-in.o
 .text.mod_mem.isra.0
                0x0000000017808cd0      0x16c cmd/built-in.o
 .text.do_mem_mm
                0x0000000017808e3c        0x8 cmd/built-in.o
 .text.do_mem_nm
                0x0000000017808e44        0x8 cmd/built-in.o
 .text.extract_range
                0x0000000017808e4c       0xe4 cmd/built-in.o
 .text.do_mii   0x0000000017808f30      0x8f0 cmd/built-in.o
 .text.do_mdio  0x0000000017809820      0x4ec cmd/built-in.o
 .text.do_sleep
                0x0000000017809d0c       0x70 cmd/built-in.o
 .text.do_mmcops
                0x0000000017809d7c       0xb8 cmd/built-in.o
 .text.init_mmc_device
                0x0000000017809e34       0x54 cmd/built-in.o
 .text.do_mmc_rescan
                0x0000000017809e88       0x24 cmd/built-in.o
 .text.do_mmc_rst_func
                0x0000000017809eac       0xa0 cmd/built-in.o
 .text.do_mmc_partconf
                0x0000000017809f4c       0xb4 cmd/built-in.o
 .text.do_mmc_boot_resize
                0x000000001780a000       0xcc cmd/built-in.o
 .text.do_mmc_bootbus
                0x000000001780a0cc       0xb4 cmd/built-in.o
 .text.do_mmc_hwpartition
                0x000000001780a180      0x510 cmd/built-in.o
 .text.do_mmc_list
                0x000000001780a690       0x14 cmd/built-in.o
 .text.do_mmc_dev
                0x000000001780a6a4      0x134 cmd/built-in.o
 .text.do_mmc_part
                0x000000001780a7d8       0x5c cmd/built-in.o
 .text.do_mmc_erase
                0x000000001780a834       0xe8 cmd/built-in.o
 .text.do_mmc_write
                0x000000001780a91c      0x100 cmd/built-in.o
 .text.do_mmc_read
                0x000000001780aa1c       0xec cmd/built-in.o
 .text.do_mmcinfo
                0x000000001780ab08      0x370 cmd/built-in.o
 .text.do_mmc_setdsr
                0x000000001780ae78       0xb0 cmd/built-in.o
 .text.cpu_cmd  0x000000001780af28      0x160 cmd/built-in.o
 .text.netboot_common
                0x000000001780b088      0x294 cmd/built-in.o
 .text.do_bootp
                0x000000001780b31c        0xc cmd/built-in.o
 .text.do_dhcp  0x000000001780b328        0xc cmd/built-in.o
 .text.do_nfs   0x000000001780b334        0xc cmd/built-in.o
 .text.do_tftpb
                0x000000001780b340       0x40 cmd/built-in.o
                0x000000001780b340                do_tftpb
 .text.do_ping  0x000000001780b380       0x78 cmd/built-in.o
 .text.sata_bwrite
                0x000000001780b3f8        0x8 cmd/built-in.o
 .text.sata_bread
                0x000000001780b400        0x8 cmd/built-in.o
 .text.__sata_initialize
                0x000000001780b408       0xb0 cmd/built-in.o
                0x000000001780b408                sata_initialize
                0x000000001780b408                __sata_initialize
 .text.__sata_stop
                0x000000001780b4b8       0x28 cmd/built-in.o
                0x000000001780b4b8                __sata_stop
                0x000000001780b4b8                sata_stop
 .text.do_sata  0x000000001780b4e0      0x3fc cmd/built-in.o
 .text.sata_get_dev
                0x000000001780b8dc       0x1c cmd/built-in.o
                0x000000001780b8dc                sata_get_dev
 .text.bytes_per_second
                0x000000001780b8f8       0x50 cmd/built-in.o
 .text.do_spi_flash
                0x000000001780b948      0x868 cmd/built-in.o
 .text.substitute
                0x000000001780c1b0       0xf0 cmd/built-in.o
 .text.get_arg  0x000000001780c2a0       0x58 cmd/built-in.o
 .text.regex_sub
                0x000000001780c2f8      0x450 cmd/built-in.o
 .text.do_setexpr
                0x000000001780c748      0x1a0 cmd/built-in.o
 .text.do_false
                0x000000001780c8e8        0x8 cmd/built-in.o
 .text.do_true  0x000000001780c8f0        0x8 cmd/built-in.o
 .text.do_test  0x000000001780c8f8      0x338 cmd/built-in.o
 .text.usb_get_class_desc
                0x000000001780cc30       0xbc cmd/built-in.o
 .text.usb_find_device
                0x000000001780ccec       0x3c cmd/built-in.o
 .text.usb_show_tree_graph
                0x000000001780cd28      0x228 cmd/built-in.o
 .text.usb_display_class_sub
                0x000000001780cf50      0x170 cmd/built-in.o
 .text.usb_display_string
                0x000000001780d0c0       0x44 cmd/built-in.o
 .text.usb_display_config
                0x000000001780d104      0x20c cmd/built-in.o
 .text.do_usbboot
                0x000000001780d310        0xc cmd/built-in.o
 .text.usb_display_desc.part.1
                0x000000001780d31c      0x12c cmd/built-in.o
 .text.do_usb_start
                0x000000001780d448       0x38 cmd/built-in.o
 .text.usb_show_tree
                0x000000001780d480       0x54 cmd/built-in.o
                0x000000001780d480                usb_show_tree
 .text.do_usb   0x000000001780d4d4      0x750 cmd/built-in.o
 .text.ums_read_sector
                0x000000001780dc24       0x20 cmd/built-in.o
 .text.ums_write_sector
                0x000000001780dc44       0x20 cmd/built-in.o
 .text.ums_fini
                0x000000001780dc64       0x60 cmd/built-in.o
 .text.do_usb_mass_storage
                0x000000001780dcc4      0x33c cmd/built-in.o
                0x000000001780dcc4                do_usb_mass_storage
 .text.do_imgextract
                0x000000001780e000      0x290 cmd/built-in.o
 .text.do_dfu   0x000000001780e290      0x17c cmd/built-in.o
 .text.do_env_delete
                0x000000001780e40c       0x9c cmd/built-in.o
 .text.do_env_exists
                0x000000001780e4a8       0x64 cmd/built-in.o
 .text.do_env_save
                0x000000001780e50c       0x2c cmd/built-in.o
 .text.do_env   0x000000001780e538       0x68 cmd/built-in.o
 .text.env_print
                0x000000001780e5a0       0xc0 cmd/built-in.o
 .text.do_env_print
                0x000000001780e660       0xc4 cmd/built-in.o
 .text.do_env_import
                0x000000001780e724      0x284 cmd/built-in.o
 .text.do_env_default
                0x000000001780e9a8       0xa8 cmd/built-in.o
 .text._do_env_set.isra.0
                0x000000001780ea50      0x1bc cmd/built-in.o
 .text.do_env_set
                0x000000001780ec0c       0x20 cmd/built-in.o
 .text.get_env_id
                0x000000001780ec2c       0x10 cmd/built-in.o
                0x000000001780ec2c                get_env_id
 .text.setenv   0x000000001780ec3c       0x60 cmd/built-in.o
                0x000000001780ec3c                setenv
 .text.setenv_ulong
                0x000000001780ec9c       0x20 cmd/built-in.o
                0x000000001780ec9c                setenv_ulong
 .text.setenv_hex
                0x000000001780ecbc       0x34 cmd/built-in.o
                0x000000001780ecbc                setenv_hex
 .text.do_env_export
                0x000000001780ecf0      0x258 cmd/built-in.o
 .text.envmatch
                0x000000001780ef48       0x6c cmd/built-in.o
                0x000000001780ef48                envmatch
 .text.getenv_f
                0x000000001780efb4       0xc0 cmd/built-in.o
                0x000000001780efb4                getenv_f
 .text.getenv   0x000000001780f074       0x78 cmd/built-in.o
                0x000000001780f074                getenv
 .text.getenv_hex
                0x000000001780f0ec       0x3c cmd/built-in.o
                0x000000001780f0ec                getenv_hex
 .text.getenv_ulong
                0x000000001780f128       0x30 cmd/built-in.o
                0x000000001780f128                getenv_ulong
 .text.do_env_edit.part.2
                0x000000001780f158       0xa4 cmd/built-in.o
 .text.do_env_edit
                0x000000001780f1fc       0x2c cmd/built-in.o
 .text.common_diskboot
                0x000000001780f228      0x234 cmd/built-in.o
                0x000000001780f228                common_diskboot
 .text.board_init_f_alloc_reserve
                0x000000001780f45c       0x10 common/built-in.o
                0x000000001780f45c                board_init_f_alloc_reserve
 .text.board_init_f_init_reserve
                0x000000001780f46c       0x20 common/built-in.o
                0x000000001780f46c                board_init_f_init_reserve
 .text.show_boot_progress
                0x000000001780f48c        0x4 common/built-in.o
                0x000000001780f48c                show_boot_progress
 .text.main_loop
                0x000000001780f490       0x20 common/built-in.o
                0x000000001780f490                main_loop
 .text.dummy    0x000000001780f4b0        0x4 common/built-in.o
 .text.get_version
                0x000000001780f4b4        0x8 common/built-in.o
                0x000000001780f4b4                get_version
 .text.jumptable_init
                0x000000001780f4bc      0x1e0 common/built-in.o
                0x000000001780f4bc                jumptable_init
 .text.hash_finish_crc32
                0x000000001780f69c       0x30 common/built-in.o
 .text.hash_update_crc32
                0x000000001780f6cc       0x24 common/built-in.o
 .text.hash_init_crc32
                0x000000001780f6f0       0x24 common/built-in.o
 .text.hash_lookup_algo
                0x000000001780f714       0x28 common/built-in.o
                0x000000001780f714                hash_lookup_algo
 .text.hash_command
                0x000000001780f73c       0xb4 common/built-in.o
                0x000000001780f73c                hash_command
 .text.b_reset  0x000000001780f7f0       0x1c common/built-in.o
 .text.static_get
                0x000000001780f80c       0x1c common/built-in.o
 .text.file_peek
                0x000000001780f828        0xc common/built-in.o
 .text.mapset   0x000000001780f834       0x20 common/built-in.o
 .text.syntax_err
                0x000000001780f854        0xc common/built-in.o
 .text.free_pipe_list
                0x000000001780f860       0xf4 common/built-in.o
 .text.xmalloc  0x000000001780f954       0x20 common/built-in.o
 .text.new_pipe
                0x000000001780f974       0x28 common/built-in.o
 .text.xrealloc
                0x000000001780f99c       0x20 common/built-in.o
 .text.done_command
                0x000000001780f9bc       0x88 common/built-in.o
 .text.done_pipe
                0x000000001780fa44       0x48 common/built-in.o
 .text.done_word
                0x000000001780fa8c      0x2e4 common/built-in.o
 .text.do_showvar
                0x000000001780fd70       0xf4 common/built-in.o
 .text.is_assignment
                0x000000001780fe64       0x5c common/built-in.o
 .text.file_get
                0x000000001780fec0      0x1f0 common/built-in.o
 .text.b_addchr
                0x00000000178100b0       0x80 common/built-in.o
 .text.b_addqchr
                0x0000000017810130       0x50 common/built-in.o
 .text.static_peek
                0x0000000017810180        0xc common/built-in.o
 .text.get_local_var
                0x000000001781018c       0xa0 common/built-in.o
                0x000000001781018c                get_local_var
 .text.set_local_var
                0x000000001781022c      0x1bc common/built-in.o
                0x000000001781022c                set_local_var
 .text.insert_var_value_sub
                0x00000000178103e8      0x2c0 common/built-in.o
 .text.parse_string_outer
                0x00000000178106a8       0xe4 common/built-in.o
                0x00000000178106a8                parse_string_outer
 .text.run_list_real
                0x000000001781078c      0x7b8 common/built-in.o
 .text.parse_stream_outer
                0x0000000017810f44      0x6d0 common/built-in.o
 .text.parse_file_outer
                0x0000000017811614       0x44 common/built-in.o
                0x0000000017811614                parse_file_outer
 .text.u_boot_hush_start
                0x0000000017811658       0x54 common/built-in.o
                0x0000000017811658                u_boot_hush_start
 .text.bootdelay_process
                0x00000000178116ac       0xd0 common/built-in.o
                0x00000000178116ac                bootdelay_process
 .text.autoboot_command
                0x000000001781177c       0xd0 common/built-in.o
                0x000000001781177c                autoboot_command
 .text.setup_mon_len
                0x000000001781184c       0x20 common/built-in.o
 .text.reserve_round_4k
                0x000000001781186c       0x18 common/built-in.o
 .text.reserve_mmu
                0x0000000017811884       0x38 common/built-in.o
 .text.reserve_uboot
                0x00000000178118bc       0x30 common/built-in.o
 .text.reserve_malloc
                0x00000000178118ec       0x18 common/built-in.o
 .text.setup_machine
                0x0000000017811904       0x14 common/built-in.o
 .text.reserve_global_data
                0x0000000017811918       0x1c common/built-in.o
 .text.reserve_fdt
                0x0000000017811934       0x4c common/built-in.o
 .text.initf_console_record
                0x0000000017811980        0x8 common/built-in.o
 .text.arch_cpu_init_dm
                0x0000000017811988        0x8 common/built-in.o
                0x0000000017811988                arch_cpu_init_dm
 .text.announce_dram_init
                0x0000000017811990       0x18 common/built-in.o
 .text.init_func_i2c
                0x00000000178119a8       0x28 common/built-in.o
 .text.init_baud_rate
                0x00000000178119d0       0x2c common/built-in.o
 .text.mark_bootstage
                0x00000000178119fc       0x14 common/built-in.o
 .text.initf_dm
                0x0000000017811a10        0x8 common/built-in.o
 .text.setup_reloc
                0x0000000017811a18       0x3c common/built-in.o
 .text.reloc_fdt
                0x0000000017811a54       0x44 common/built-in.o
 .text.reserve_board
                0x0000000017811a98       0x40 common/built-in.o
 .text.reserve_arch
                0x0000000017811ad8        0x8 common/built-in.o
                0x0000000017811ad8                reserve_arch
 .text.display_text_info
                0x0000000017811ae0        0x8 common/built-in.o
 .text.reserve_trace
                0x0000000017811ae8        0x8 common/built-in.o
 .text.display_new_sp
                0x0000000017811af0        0x8 common/built-in.o
 .text.coloured_LED_init
                0x0000000017811af8        0x4 common/built-in.o
                0x0000000017811af8                coloured_LED_init
 .text.red_led_on
                0x0000000017811afc        0x4 common/built-in.o
                0x0000000017811afc                red_led_on
 .text.board_add_ram_info
                0x0000000017811b00        0x4 common/built-in.o
                0x0000000017811b00                board_add_ram_info
 .text.show_dram_config
                0x0000000017811b04       0x38 common/built-in.o
 .text.dram_init_banksize
                0x0000000017811b3c       0x20 common/built-in.o
                0x0000000017811b3c                dram_init_banksize
 .text.setup_dram_config
                0x0000000017811b5c       0x10 common/built-in.o
 .text.board_get_usable_ram_top
                0x0000000017811b6c       0x14 common/built-in.o
                0x0000000017811b6c                board_get_usable_ram_top
 .text.board_reserve_ram_top
                0x0000000017811b80        0x4 common/built-in.o
                0x0000000017811b80                board_reserve_ram_top
 .text.setup_dest_addr
                0x0000000017811b84       0x4c common/built-in.o
 .text.reserve_stacks
                0x0000000017811bd0       0x1c common/built-in.o
 .text.board_init_f
                0x0000000017811bec       0x28 common/built-in.o
                0x0000000017811bec                board_init_f
 .text.bootstage_relocate
                0x0000000017811c14        0x8 common/built-in.o
 .text.initr_reloc
                0x0000000017811c1c       0x18 common/built-in.o
 .text.initr_reloc_global_data
                0x0000000017811c34       0x28 common/built-in.o
 .text.initr_announce
                0x0000000017811c5c        0x8 common/built-in.o
 .text.run_main_loop
                0x0000000017811c64        0xc common/built-in.o
 .text.initr_net
                0x0000000017811c70       0x1c common/built-in.o
 .text.initr_ethaddr
                0x0000000017811c8c       0x20 common/built-in.o
 .text.initr_enable_interrupts
                0x0000000017811cac       0x10 common/built-in.o
 .text.initr_jumptable
                0x0000000017811cbc       0x10 common/built-in.o
 .text.initr_env
                0x0000000017811ccc       0x30 common/built-in.o
 .text.initr_mmc
                0x0000000017811cfc       0x20 common/built-in.o
 .text.initr_serial
                0x0000000017811d1c       0x10 common/built-in.o
 .text.initr_bootstage
                0x0000000017811d2c       0x14 common/built-in.o
 .text.initr_dm
                0x0000000017811d40       0x14 common/built-in.o
 .text.initr_malloc
                0x0000000017811d54       0x24 common/built-in.o
 .text.initr_caches
                0x0000000017811d78       0x10 common/built-in.o
 .text.initr_console_record
                0x0000000017811d88        0x8 common/built-in.o
 .text.initr_trace
                0x0000000017811d90        0x8 common/built-in.o
 .text.initr_barrier
                0x0000000017811d98        0x8 common/built-in.o
 .text.cpu_secondary_init_r
                0x0000000017811da0        0x4 common/built-in.o
                0x0000000017811da0                cpu_secondary_init_r
 .text.initr_secondary_cpu
                0x0000000017811da4       0x10 common/built-in.o
 .text.board_init_r
                0x0000000017811db4       0x14 common/built-in.o
                0x0000000017811db4                board_init_r
 .text.show_board_info
                0x0000000017811dc8        0x4 common/built-in.o
                0x0000000017811dc8                show_board_info
 .text.bootm_find_images
                0x0000000017811dcc       0xa8 common/built-in.o
                0x0000000017811dcc                bootm_find_images
 .text.bootm_decomp_image
                0x0000000017811e74      0x14c common/built-in.o
                0x0000000017811e74                bootm_decomp_image
 .text.bootm_disable_interrupts
                0x0000000017811fc0       0x18 common/built-in.o
                0x0000000017811fc0                bootm_disable_interrupts
 .text.do_bootm_states
                0x0000000017811fd8      0x750 common/built-in.o
                0x0000000017811fd8                do_bootm_states
 .text.copy_args
                0x0000000017812728       0x50 common/built-in.o
 .text.do_bootm_rtems
                0x0000000017812778       0x40 common/built-in.o
 .text.do_bootm_plan9
                0x00000000178127b8       0xa4 common/built-in.o
 .text.do_bootm_standalone
                0x000000001781285c       0x64 common/built-in.o
 .text.do_bootm_qnxelf
                0x00000000178128c0       0x5c common/built-in.o
 .text.do_bootm_netbsd
                0x000000001781291c       0xf8 common/built-in.o
 .text.do_bootvx_fdt
                0x0000000017812a14      0x118 common/built-in.o
                0x0000000017812a14                do_bootvx_fdt
 .text.do_bootm_vxworks
                0x0000000017812b2c       0x24 common/built-in.o
 .text.boot_selected_os
                0x0000000017812b50       0x58 common/built-in.o
                0x0000000017812b50                boot_selected_os
 .text.bootm_os_get_boot_func
                0x0000000017812ba8       0x10 common/built-in.o
                0x0000000017812ba8                bootm_os_get_boot_func
 .text.regex_callback
                0x0000000017812bb8      0x134 common/built-in.o
 .text.env_attr_walk
                0x0000000017812cec      0x128 common/built-in.o
                0x0000000017812cec                env_attr_walk
 .text.env_attr_lookup
                0x0000000017812e14       0x84 common/built-in.o
                0x0000000017812e14                env_attr_lookup
 .text.clear_callback
                0x0000000017812e98       0x10 common/built-in.o
 .text.find_env_callback
                0x0000000017812ea8       0x64 common/built-in.o
 .text.on_callbacks
                0x0000000017812f0c       0x50 common/built-in.o
 .text.set_callback
                0x0000000017812f5c       0x98 common/built-in.o
 .text.env_callback_init
                0x0000000017812ff4       0xc4 common/built-in.o
                0x0000000017812ff4                env_callback_init
 .text.skip_num
                0x00000000178130b8       0x78 common/built-in.o
 .text.clear_flags
                0x0000000017813130       0x10 common/built-in.o
 .text.on_flags
                0x0000000017813140       0x50 common/built-in.o
 .text.env_flags_parse_vartype
                0x0000000017813190       0x50 common/built-in.o
                0x0000000017813190                env_flags_parse_vartype
 .text.env_flags_parse_varaccess
                0x00000000178131e0       0x58 common/built-in.o
                0x00000000178131e0                env_flags_parse_varaccess
 .text.set_flags
                0x0000000017813238       0xb0 common/built-in.o
 .text.eth_validate_ethaddr_str
                0x00000000178132e8       0x94 common/built-in.o
                0x00000000178132e8                eth_validate_ethaddr_str
 .text.env_flags_init
                0x000000001781337c       0xd8 common/built-in.o
                0x000000001781337c                env_flags_init
 .text.env_flags_validate
                0x0000000017813454      0x2b8 common/built-in.o
                0x0000000017813454                env_flags_validate
 .text.saveenv  0x000000001781370c      0x13c common/built-in.o
                0x000000001781370c                saveenv
 .text.env_relocate_spec
                0x0000000017813848       0xcc common/built-in.o
                0x0000000017813848                env_relocate_spec
 .text.env_init
                0x0000000017813914       0x1c common/built-in.o
                0x0000000017813914                env_init
 .text.fdt_find_and_setprop
                0x0000000017813930       0x70 common/built-in.o
                0x0000000017813930                fdt_find_and_setprop
 .text.fdt_find_or_add_subnode
                0x00000000178139a0       0x60 common/built-in.o
                0x00000000178139a0                fdt_find_or_add_subnode
 .text.fdt_root
                0x0000000017813a00       0x90 common/built-in.o
                0x0000000017813a00                fdt_root
 .text.fdt_initrd
                0x0000000017813a90      0x1cc common/built-in.o
                0x0000000017813a90                fdt_initrd
 .text.fdt_chosen
                0x0000000017813c5c       0xa8 common/built-in.o
                0x0000000017813c5c                fdt_chosen
 .text.do_fixup_by_path
                0x0000000017813d04       0x54 common/built-in.o
                0x0000000017813d04                do_fixup_by_path
 .text.fdt_fixup_memory_banks
                0x0000000017813d58      0x1b0 common/built-in.o
                0x0000000017813d58                fdt_fixup_memory_banks
 .text.fdt_fixup_memory
                0x0000000017813f08       0x20 common/built-in.o
                0x0000000017813f08                fdt_fixup_memory
 .text.fdt_fixup_ethernet
                0x0000000017813f28      0x174 common/built-in.o
                0x0000000017813f28                fdt_fixup_ethernet
 .text.fdt_shrink_to_minimum
                0x000000001781409c       0xcc common/built-in.o
                0x000000001781409c                fdt_shrink_to_minimum
 .text.miiphy_get_dev_by_name
                0x0000000017814168       0x60 common/built-in.o
                0x0000000017814168                miiphy_get_dev_by_name
 .text.miiphy_init
                0x00000000178141c8       0x24 common/built-in.o
                0x00000000178141c8                miiphy_init
 .text.mdio_alloc
                0x00000000178141ec       0x30 common/built-in.o
                0x00000000178141ec                mdio_alloc
 .text.mdio_register
                0x000000001781421c       0x94 common/built-in.o
                0x000000001781421c                mdio_register
 .text.mdio_unregister
                0x00000000178142b0       0x3c common/built-in.o
                0x00000000178142b0                mdio_unregister
 .text.mdio_list_devices
                0x00000000178142ec       0x98 common/built-in.o
                0x00000000178142ec                mdio_list_devices
 .text.miiphy_set_current_dev
                0x0000000017814384       0x40 common/built-in.o
                0x0000000017814384                miiphy_set_current_dev
 .text.miiphy_get_active_dev
                0x00000000178143c4       0x54 common/built-in.o
 .text.mdio_get_current_dev
                0x0000000017814418       0x10 common/built-in.o
                0x0000000017814418                mdio_get_current_dev
 .text.mdio_phydev_for_ethname
                0x0000000017814428       0x88 common/built-in.o
                0x0000000017814428                mdio_phydev_for_ethname
 .text.miiphy_get_current_dev
                0x00000000178144b0       0x18 common/built-in.o
                0x00000000178144b0                miiphy_get_current_dev
 .text.miiphy_read
                0x00000000178144c8       0x4c common/built-in.o
                0x00000000178144c8                miiphy_read
 .text.miiphy_write
                0x0000000017814514       0x40 common/built-in.o
                0x0000000017814514                miiphy_write
 .text.miiphy_listdev
                0x0000000017814554       0x74 common/built-in.o
                0x0000000017814554                miiphy_listdev
 .text.miiphy_info
                0x00000000178145c8       0x88 common/built-in.o
                0x00000000178145c8                miiphy_info
 .text.miiphy_speed
                0x0000000017814650       0x94 common/built-in.o
                0x0000000017814650                miiphy_speed
 .text.miiphy_duplex
                0x00000000178146e4       0x94 common/built-in.o
                0x00000000178146e4                miiphy_duplex
 .text.miiphy_is_1000base_x
                0x0000000017814778        0x8 common/built-in.o
                0x0000000017814778                miiphy_is_1000base_x
 .text.usb_set_maxpacket_ep
                0x0000000017814780       0x70 common/built-in.o
 .text.usb_stop
                0x00000000178147f0       0x64 common/built-in.o
                0x00000000178147f0                usb_stop
 .text.usb_disable_asynch
                0x0000000017814854       0x20 common/built-in.o
                0x0000000017814854                usb_disable_asynch
 .text.usb_control_msg
                0x0000000017814874       0xc0 common/built-in.o
                0x0000000017814874                usb_control_msg
 .text.usb_get_descriptor
                0x0000000017814934       0x58 common/built-in.o
 .text.get_descriptor_len
                0x000000001781498c       0x90 common/built-in.o
 .text.usb_get_string
                0x0000000017814a1c       0x70 common/built-in.o
 .text.usb_string_sub
                0x0000000017814a8c      0x108 common/built-in.o
 .text.usb_bulk_msg
                0x0000000017814b94       0x70 common/built-in.o
                0x0000000017814b94                usb_bulk_msg
 .text.usb_maxpacket
                0x0000000017814c04       0x1c common/built-in.o
                0x0000000017814c04                usb_maxpacket
 .text.usb_clear_halt
                0x0000000017814c20       0x90 common/built-in.o
                0x0000000017814c20                usb_clear_halt
 .text.usb_get_configuration_len
                0x0000000017814cb0       0x74 common/built-in.o
                0x0000000017814cb0                usb_get_configuration_len
 .text.usb_get_configuration_no
                0x0000000017814d24       0x34 common/built-in.o
                0x0000000017814d24                usb_get_configuration_no
 .text.usb_set_interface
                0x0000000017814d58       0xb4 common/built-in.o
                0x0000000017814d58                usb_set_interface
 .text.usb_string
                0x0000000017814e0c      0x100 common/built-in.o
                0x0000000017814e0c                usb_string
 .text.usb_get_dev_index
                0x0000000017814f0c       0x24 common/built-in.o
                0x0000000017814f0c                usb_get_dev_index
 .text.usb_alloc_new_device
                0x0000000017814f30       0x9c common/built-in.o
                0x0000000017814f30                usb_alloc_new_device
 .text.usb_free_device
                0x0000000017814fcc       0x48 common/built-in.o
                0x0000000017814fcc                usb_free_device
 .text.usb_alloc_device
                0x0000000017815014        0x8 common/built-in.o
                0x0000000017815014                usb_alloc_device
 .text.usb_select_config
                0x000000001781501c      0x458 common/built-in.o
                0x000000001781501c                usb_select_config
 .text.usb_setup_device
                0x0000000017815474      0x19c common/built-in.o
                0x0000000017815474                usb_setup_device
 .text.usb_new_device
                0x0000000017815610       0x34 common/built-in.o
                0x0000000017815610                usb_new_device
 .text.usb_init
                0x0000000017815644      0x148 common/built-in.o
                0x0000000017815644                usb_init
 .text.board_usb_init
                0x000000001781578c        0x8 common/built-in.o
                0x000000001781578c                board_usb_init
 .text.board_usb_cleanup
                0x0000000017815794        0x8 common/built-in.o
                0x0000000017815794                board_usb_cleanup
 .text.usb_device_has_child_on_port
                0x000000001781579c       0x14 common/built-in.o
                0x000000001781579c                usb_device_has_child_on_port
 .text.usb_find_usb2_hub_address_port
                0x00000000178157b0       0x5c common/built-in.o
                0x00000000178157b0                usb_find_usb2_hub_address_port
 .text.usb_set_port_feature
                0x000000001781580c       0x4c common/built-in.o
 .text.usb_clear_port_feature
                0x0000000017815858       0x4c common/built-in.o
 .text.usb_get_hub_descriptor
                0x00000000178158a4       0x4c common/built-in.o
 .text.usb_hub_power_on
                0x00000000178158f0       0x6c common/built-in.o
 .text.usb_hub_reset_devices
                0x000000001781595c        0x4 common/built-in.o
                0x000000001781595c                usb_hub_reset_devices
 .text.usb_get_port_status
                0x0000000017815960       0x4c common/built-in.o
                0x0000000017815960                usb_get_port_status
 .text.usb_hub_reset
                0x00000000178159ac       0x14 common/built-in.o
                0x00000000178159ac                usb_hub_reset
 .text.legacy_hub_port_reset
                0x00000000178159c0       0xa0 common/built-in.o
                0x00000000178159c0                legacy_hub_port_reset
 .text.usb_hub_port_connect_change
                0x0000000017815a60      0x16c common/built-in.o
                0x0000000017815a60                usb_hub_port_connect_change
 .text.usb_hub_configure
                0x0000000017815bcc      0x2c8 common/built-in.o
 .text.usb_hub_probe
                0x0000000017815e94       0x54 common/built-in.o
                0x0000000017815e94                usb_hub_probe
 .text.usb_stor_irq
                0x0000000017815ee8       0x1c common/built-in.o
 .text.usb_stor_BBB_reset
                0x0000000017815f04       0xd0 common/built-in.o
 .text.usb_stor_CB_reset
                0x0000000017815fd4       0xd0 common/built-in.o
 .text.usb_stor_BBB_clear_endpt_stall.isra.0
                0x00000000178160a4       0x40 common/built-in.o
 .text.usb_stor_BBB_transport
                0x00000000178160e4      0x25c common/built-in.o
 .text.usb_stor_CB_comdat
                0x0000000017816340      0x204 common/built-in.o
 .text.usb_stor_CBI_get_status.isra.2
                0x0000000017816544       0xc8 common/built-in.o
 .text.usb_stor_CB_transport
                0x000000001781660c      0x228 common/built-in.o
 .text.usb_request_sense.constprop.8
                0x0000000017816834       0x70 common/built-in.o
 .text.usb_stor_read
                0x00000000178168a4      0x188 common/built-in.o
 .text.usb_stor_write
                0x0000000017816a2c      0x188 common/built-in.o
 .text.usb_stor_get_dev
                0x0000000017816bb4       0x28 common/built-in.o
                0x0000000017816bb4                usb_stor_get_dev
 .text.usb_stor_info
                0x0000000017816bdc       0x74 common/built-in.o
                0x0000000017816bdc                usb_stor_info
 .text.usb_storage_probe
                0x0000000017816c50      0x204 common/built-in.o
                0x0000000017816c50                usb_storage_probe
 .text.usb_stor_get_info
                0x0000000017816e54      0x31c common/built-in.o
                0x0000000017816e54                usb_stor_get_info
 .text.usb_stor_scan
                0x0000000017817170      0x1f8 common/built-in.o
                0x0000000017817170                usb_stor_scan
 .text.splash_screen_prepare
                0x0000000017817368        0x8 common/built-in.o
                0x0000000017817368                splash_screen_prepare
 .text.splash_get_pos
                0x0000000017817370       0x88 common/built-in.o
                0x0000000017817370                splash_get_pos
 .text.env_get_char_spec
                0x00000000178173f8        0xc common/built-in.o
                0x00000000178173f8                env_get_char_spec
 .text.env_get_addr
                0x0000000017817404       0x20 common/built-in.o
                0x0000000017817404                env_get_addr
 .text.env_get_char_memory
                0x0000000017817424       0x10 common/built-in.o
                0x0000000017817424                env_get_char_memory
 .text.env_get_char
                0x0000000017817434       0x30 common/built-in.o
                0x0000000017817434                env_get_char
 .text.getenv_yesno
                0x0000000017817464       0x40 common/built-in.o
                0x0000000017817464                getenv_yesno
 .text.getenv_default
                0x00000000178174a4       0x30 common/built-in.o
                0x00000000178174a4                getenv_default
 .text.set_default_env
                0x00000000178174d4       0xc0 common/built-in.o
                0x00000000178174d4                set_default_env
 .text.set_default_vars
                0x0000000017817594       0x38 common/built-in.o
                0x0000000017817594                set_default_vars
 .text.env_import
                0x00000000178175cc       0xdc common/built-in.o
                0x00000000178175cc                env_import
 .text.env_export
                0x00000000178176a8       0xa0 common/built-in.o
                0x00000000178176a8                env_export
 .text.env_relocate
                0x0000000017817748       0x2c common/built-in.o
                0x0000000017817748                env_relocate
 .text.env_complete
                0x0000000017817774       0xf0 common/built-in.o
                0x0000000017817774                env_complete
 .text.console_setfile
                0x0000000017817864       0xc0 common/built-in.o
 .text.serial_printf
                0x0000000017817924       0x44 common/built-in.o
                0x0000000017817924                serial_printf
 .text.putc     0x0000000017817968       0x34 common/built-in.o
                0x0000000017817968                putc
 .text.puts     0x000000001781799c       0x34 common/built-in.o
                0x000000001781799c                puts
 .text.fgetc    0x00000000178179d0       0x24 common/built-in.o
                0x00000000178179d0                fgetc
 .text.getc     0x00000000178179f4       0x24 common/built-in.o
                0x00000000178179f4                getc
 .text.ftstc    0x0000000017817a18       0x24 common/built-in.o
                0x0000000017817a18                ftstc
 .text.tstc     0x0000000017817a3c       0x24 common/built-in.o
                0x0000000017817a3c                tstc
 .text.ctrlc    0x0000000017817a60       0x58 common/built-in.o
                0x0000000017817a60                ctrlc
 .text.confirm_yesno
                0x0000000017817ab8       0xd4 common/built-in.o
                0x0000000017817ab8                confirm_yesno
 .text.had_ctrlc
                0x0000000017817b8c       0x10 common/built-in.o
                0x0000000017817b8c                had_ctrlc
 .text.clear_ctrlc
                0x0000000017817b9c       0x14 common/built-in.o
                0x0000000017817b9c                clear_ctrlc
 .text.search_device
                0x0000000017817bb0       0x28 common/built-in.o
                0x0000000017817bb0                search_device
 .text.console_assign
                0x0000000017817bd8       0x48 common/built-in.o
                0x0000000017817bd8                console_assign
 .text.on_console
                0x0000000017817c20       0xb8 common/built-in.o
 .text.console_init_f
                0x0000000017817cd8       0x10 common/built-in.o
                0x0000000017817cd8                console_init_f
 .text.stdio_print_current_devices
                0x0000000017817ce8       0xb0 common/built-in.o
                0x0000000017817ce8                stdio_print_current_devices
 .text.console_init_r
                0x0000000017817d98      0x194 common/built-in.o
                0x0000000017817d98                console_init_r
 .text.sbrk     0x0000000017817f2c       0x6c common/built-in.o
                0x0000000017817f2c                sbrk
 .text.mem_malloc_init
                0x0000000017817f98       0x34 common/built-in.o
                0x0000000017817f98                mem_malloc_init
 .text.malloc_trim
                0x0000000017817fcc       0xcc common/built-in.o
                0x0000000017817fcc                malloc_trim
 .text.free     0x0000000017818098      0x24c common/built-in.o
                0x0000000017818098                free
 .text.malloc   0x00000000178182e4      0x628 common/built-in.o
                0x00000000178182e4                malloc
 .text.calloc   0x000000001781890c      0x144 common/built-in.o
                0x000000001781890c                calloc
 .text.realloc  0x0000000017818a50      0x4e0 common/built-in.o
                0x0000000017818a50                realloc
 .text.memalign
                0x0000000017818f30      0x140 common/built-in.o
                0x0000000017818f30                memalign
 .text.initf_malloc
                0x0000000017819070       0x18 common/built-in.o
                0x0000000017819070                initf_malloc
 .text.malloc_simple
                0x0000000017819088       0x30 common/built-in.o
                0x0000000017819088                malloc_simple
 .text.on_loadaddr
                0x00000000178190b8       0x38 common/built-in.o
 .text.image_check_hcrc
                0x00000000178190f0       0x4c common/built-in.o
                0x00000000178190f0                image_check_hcrc
 .text.image_check_dcrc
                0x000000001781913c       0x38 common/built-in.o
                0x000000001781913c                image_check_dcrc
 .text.image_multi_count
                0x0000000017819174       0x1c common/built-in.o
                0x0000000017819174                image_multi_count
 .text.image_multi_getimg
                0x0000000017819190       0x80 common/built-in.o
                0x0000000017819190                image_multi_getimg
 .text.getenv_bootm_low
                0x0000000017819210       0x30 common/built-in.o
                0x0000000017819210                getenv_bootm_low
 .text.getenv_bootm_size
                0x0000000017819240       0x68 common/built-in.o
                0x0000000017819240                getenv_bootm_size
 .text.getenv_bootm_mapsize
                0x00000000178192a8       0x30 common/built-in.o
                0x00000000178192a8                getenv_bootm_mapsize
 .text.memmove_wd
                0x00000000178192d8        0xc common/built-in.o
                0x00000000178192d8                memmove_wd
 .text.genimg_print_size
                0x00000000178192e4       0x30 common/built-in.o
                0x00000000178192e4                genimg_print_size
 .text.get_table_entry
                0x0000000017819314       0x24 common/built-in.o
                0x0000000017819314                get_table_entry
 .text.get_table_entry_name
                0x0000000017819338       0x20 common/built-in.o
                0x0000000017819338                get_table_entry_name
 .text.genimg_get_os_name
                0x0000000017819358       0x18 common/built-in.o
                0x0000000017819358                genimg_get_os_name
 .text.genimg_get_arch_name
                0x0000000017819370       0x18 common/built-in.o
                0x0000000017819370                genimg_get_arch_name
 .text.genimg_get_type_name
                0x0000000017819388       0x18 common/built-in.o
                0x0000000017819388                genimg_get_type_name
 .text.genimg_get_comp_name
                0x00000000178193a0       0x18 common/built-in.o
                0x00000000178193a0                genimg_get_comp_name
 .text.image_print_contents
                0x00000000178193b8      0x178 common/built-in.o
                0x00000000178193b8                image_print_contents
 .text.genimg_get_kernel_addr_fit
                0x0000000017819530       0x24 common/built-in.o
                0x0000000017819530                genimg_get_kernel_addr_fit
 .text.genimg_get_format
                0x0000000017819554       0x34 common/built-in.o
                0x0000000017819554                genimg_get_format
 .text.genimg_get_image
                0x0000000017819588        0x4 common/built-in.o
                0x0000000017819588                genimg_get_image
 .text.genimg_has_config
                0x000000001781958c        0x8 common/built-in.o
                0x000000001781958c                genimg_has_config
 .text.boot_get_ramdisk
                0x0000000017819594      0x274 common/built-in.o
                0x0000000017819594                boot_get_ramdisk
 .text.boot_ramdisk_high
                0x0000000017819808      0x144 common/built-in.o
                0x0000000017819808                boot_ramdisk_high
 .text.boot_get_setup
                0x000000001781994c        0x8 common/built-in.o
                0x000000001781994c                boot_get_setup
 .text.image_setup_linux
                0x0000000017819954       0x8c common/built-in.o
                0x0000000017819954                image_setup_linux
 .text.fdt_error
                0x00000000178199e0       0x2c common/built-in.o
 .text.boot_fdt_add_mem_rsv_regions
                0x0000000017819a0c       0x88 common/built-in.o
                0x0000000017819a0c                boot_fdt_add_mem_rsv_regions
 .text.boot_relocate_fdt
                0x0000000017819a94      0x198 common/built-in.o
                0x0000000017819a94                boot_relocate_fdt
 .text.boot_get_fdt
                0x0000000017819c2c      0x2ac common/built-in.o
                0x0000000017819c2c                boot_get_fdt
 .text.ft_verify_fdt
                0x0000000017819ed8        0x8 common/built-in.o
                0x0000000017819ed8                ft_verify_fdt
 .text.image_setup_libfdt
                0x0000000017819ee0      0x100 common/built-in.o
                0x0000000017819ee0                image_setup_libfdt
 .text.get_effective_memsize
                0x0000000017819fe0        0x8 common/built-in.o
                0x0000000017819fe0                get_effective_memsize
 .text.nulldev_putc
                0x0000000017819fe8        0x4 common/built-in.o
 .text.nulldev_puts
                0x0000000017819fec        0x4 common/built-in.o
 .text.nulldev_input
                0x0000000017819ff0        0x8 common/built-in.o
 .text.stdio_serial_tstc
                0x0000000017819ff8        0x4 common/built-in.o
 .text.stdio_serial_getc
                0x0000000017819ffc        0x4 common/built-in.o
 .text.stdio_serial_puts
                0x000000001781a000        0x8 common/built-in.o
 .text.stdio_serial_putc
                0x000000001781a008        0x8 common/built-in.o
 .text.stdio_get_list
                0x000000001781a010        0xc common/built-in.o
                0x000000001781a010                stdio_get_list
 .text.stdio_get_by_name
                0x000000001781a01c       0x5c common/built-in.o
                0x000000001781a01c                stdio_get_by_name
 .text.stdio_clone
                0x000000001781a078       0x38 common/built-in.o
                0x000000001781a078                stdio_clone
 .text.stdio_register_dev
                0x000000001781a0b0       0x50 common/built-in.o
                0x000000001781a0b0                stdio_register_dev
 .text.stdio_register
                0x000000001781a100        0x8 common/built-in.o
                0x000000001781a100                stdio_register
 .text.stdio_init_tables
                0x000000001781a108       0x1c common/built-in.o
                0x000000001781a108                stdio_init_tables
 .text.stdio_add_devices
                0x000000001781a124       0xd4 common/built-in.o
                0x000000001781a124                stdio_add_devices
 .text.run_command
                0x000000001781a1f8       0x10 common/built-in.o
                0x000000001781a1f8                run_command
 .text.run_command_list
                0x000000001781a208       0x7c common/built-in.o
                0x000000001781a208                run_command_list
 .text.do_run   0x000000001781a284       0x78 common/built-in.o
                0x000000001781a284                do_run
 .text.cli_loop
                0x000000001781a2fc        0xc common/built-in.o
                0x000000001781a2fc                cli_loop
 .text.cli_init
                0x000000001781a308        0x4 common/built-in.o
                0x000000001781a308                cli_init
 .text.delete_char.part.0
                0x000000001781a30c       0xd0 common/built-in.o
 .text.cread_add_char
                0x000000001781a3dc       0xe8 common/built-in.o
 .text.cli_readline_into_buffer
                0x000000001781a4c4      0x9c0 common/built-in.o
                0x000000001781a4c4                cli_readline_into_buffer
 .text.cli_readline
                0x000000001781ae84       0x14 common/built-in.o
                0x000000001781ae84                cli_readline
 .text.find_cmd_tbl
                0x000000001781ae98       0xa4 common/built-in.o
                0x000000001781ae98                find_cmd_tbl
 .text.find_cmd
                0x000000001781af3c       0x28 common/built-in.o
                0x000000001781af3c                find_cmd
 .text.cmd_usage
                0x000000001781af64       0x5c common/built-in.o
                0x000000001781af64                cmd_usage
 .text._do_help
                0x000000001781afc0      0x178 common/built-in.o
                0x000000001781afc0                _do_help
 .text.var_complete
                0x000000001781b138       0x84 common/built-in.o
                0x000000001781b138                var_complete
 .text.cmd_auto_complete
                0x000000001781b1bc      0x4b4 common/built-in.o
                0x000000001781b1bc                cmd_auto_complete
 .text.cmd_get_data_size
                0x000000001781b670       0x5c common/built-in.o
                0x000000001781b670                cmd_get_data_size
 .text.cmd_process
                0x000000001781b6cc       0xec common/built-in.o
                0x000000001781b6cc                cmd_process
 .text.cmd_process_error
                0x000000001781b7b8       0x30 common/built-in.o
                0x000000001781b7b8                cmd_process_error
 .text.hex1_bin
                0x000000001781b7e8       0x40 common/built-in.o
 .text.hex2_bin
                0x000000001781b828       0x38 common/built-in.o
 .text.srec_decode
                0x000000001781b860      0x254 common/built-in.o
                0x000000001781b860                srec_decode
 .text.CYGACC_COMM_IF_GETC_TIMEOUT.isra.0
                0x000000001781bab4       0x5c common/built-in.o
 .text.xyzModem_flush
                0x000000001781bb10       0x1c common/built-in.o
 .text.xyzModem_get_hdr
                0x000000001781bb2c      0x230 common/built-in.o
 .text.xyzModem_stream_open
                0x000000001781bd5c      0x224 common/built-in.o
                0x000000001781bd5c                xyzModem_stream_open
 .text.xyzModem_stream_read
                0x000000001781bf80      0x254 common/built-in.o
                0x000000001781bf80                xyzModem_stream_read
 .text.xyzModem_stream_close
                0x000000001781c1d4       0x54 common/built-in.o
                0x000000001781c1d4                xyzModem_stream_close
 .text.xyzModem_stream_terminate
                0x000000001781c228       0x94 common/built-in.o
                0x000000001781c228                xyzModem_stream_terminate
 .text.xyzModem_error
                0x000000001781c2bc       0x20 common/built-in.o
                0x000000001781c2bc                xyzModem_error
 .text.get_dev_hwpart
                0x000000001781c2dc       0xa8 disk/built-in.o
 .text.dev_print
                0x000000001781c384      0x25c disk/built-in.o
                0x000000001781c384                dev_print
 .text.init_part
                0x000000001781c5e0       0x20 disk/built-in.o
                0x000000001781c5e0                init_part
 .text.print_part
                0x000000001781c600       0xf4 disk/built-in.o
                0x000000001781c600                print_part
 .text.get_partition_info
                0x000000001781c6f4       0x2c disk/built-in.o
                0x000000001781c6f4                get_partition_info
 .text.get_device
                0x000000001781c720      0x128 disk/built-in.o
                0x000000001781c720                get_device
 .text.get_device_and_partition
                0x000000001781c848      0x3f8 disk/built-in.o
                0x000000001781c848                get_device_and_partition
 .text.test_block_type
                0x000000001781cc40       0x84 disk/built-in.o
 .text.print_partition_extended
                0x000000001781ccc4      0x274 disk/built-in.o
 .text.get_partition_info_extended.constprop.1
                0x000000001781cf38      0x2fc disk/built-in.o
 .text.test_part_dos
                0x000000001781d234       0x60 disk/built-in.o
                0x000000001781d234                test_part_dos
 .text.print_part_dos
                0x000000001781d294       0x34 disk/built-in.o
                0x000000001781d294                print_part_dos
 .text.get_partition_info_dos
                0x000000001781d2c8       0x20 disk/built-in.o
                0x000000001781d2c8                get_partition_info_dos
 .text.alloc_priv
                0x000000001781d2e8       0x48 drivers/built-in.o
 .text.device_bind
                0x000000001781d330      0x304 drivers/built-in.o
                0x000000001781d330                device_bind
 .text.device_bind_by_name
                0x000000001781d634       0x60 drivers/built-in.o
                0x000000001781d634                device_bind_by_name
 .text.device_probe
                0x000000001781d694      0x234 drivers/built-in.o
                0x000000001781d694                device_probe
 .text.dev_get_platdata
                0x000000001781d8c8       0x34 drivers/built-in.o
                0x000000001781d8c8                dev_get_platdata
 .text.dev_get_priv
                0x000000001781d8fc       0x34 drivers/built-in.o
                0x000000001781d8fc                dev_get_priv
 .text.lists_driver_lookup_name
                0x000000001781d930       0x4c drivers/built-in.o
                0x000000001781d930                lists_driver_lookup_name
 .text.lists_uclass_lookup
                0x000000001781d97c       0x3c drivers/built-in.o
                0x000000001781d97c                lists_uclass_lookup
 .text.lists_bind_drivers
                0x000000001781d9b8       0x88 drivers/built-in.o
                0x000000001781d9b8                lists_bind_drivers
 .text.dm_root  0x000000001781da40       0x2c drivers/built-in.o
                0x000000001781da40                dm_root
 .text.dm_init  0x000000001781da6c       0x58 drivers/built-in.o
                0x000000001781da6c                dm_init
 .text.dm_scan_platdata
                0x000000001781dac4       0x2c drivers/built-in.o
                0x000000001781dac4                dm_scan_platdata
 .text.dm_scan_other
                0x000000001781daf0        0x8 drivers/built-in.o
                0x000000001781daf0                dm_scan_other
 .text.dm_init_and_scan
                0x000000001781daf8       0x30 drivers/built-in.o
                0x000000001781daf8                dm_init_and_scan
 .text.uclass_find
                0x000000001781db28       0x4c drivers/built-in.o
                0x000000001781db28                uclass_find
 .text.uclass_get
                0x000000001781db74      0x124 drivers/built-in.o
                0x000000001781db74                uclass_get
 .text.uclass_find_device
                0x000000001781dc98       0x74 drivers/built-in.o
                0x000000001781dc98                uclass_find_device
 .text.uclass_find_device_by_seq
                0x000000001781dd0c       0x7c drivers/built-in.o
                0x000000001781dd0c                uclass_find_device_by_seq
 .text.uclass_get_device_tail
                0x000000001781dd88       0x2c drivers/built-in.o
                0x000000001781dd88                uclass_get_device_tail
 .text.uclass_get_device
                0x000000001781ddb4       0x30 drivers/built-in.o
                0x000000001781ddb4                uclass_get_device
 .text.uclass_bind_device
                0x000000001781dde4       0x7c drivers/built-in.o
                0x000000001781dde4                uclass_bind_device
 .text.uclass_unbind_device
                0x000000001781de60       0x4c drivers/built-in.o
                0x000000001781de60                uclass_unbind_device
 .text.uclass_resolve_seq
                0x000000001781deac       0xb0 drivers/built-in.o
                0x000000001781deac                uclass_resolve_seq
 .text.uclass_pre_probe_device
                0x000000001781df5c       0x64 drivers/built-in.o
                0x000000001781df5c                uclass_pre_probe_device
 .text.uclass_post_probe_device
                0x000000001781dfc0       0x20 drivers/built-in.o
                0x000000001781dfc0                uclass_post_probe_device
 .text.uclass_pre_remove_device
                0x000000001781dfe0       0x20 drivers/built-in.o
                0x000000001781dfe0                uclass_pre_remove_device
 .text.dm_warn  0x000000001781e000       0x28 drivers/built-in.o
                0x000000001781e000                dm_warn
 .text.device_free
                0x000000001781e028       0x90 drivers/built-in.o
                0x000000001781e028                device_free
 .text.device_remove
                0x000000001781e0b8      0x138 drivers/built-in.o
                0x000000001781e0b8                device_remove
 .text.show_devices
                0x000000001781e1f0       0xfc drivers/built-in.o
 .text.dm_dump_all
                0x000000001781e2ec       0x3c drivers/built-in.o
                0x000000001781e2ec                dm_dump_all
 .text.dm_dump_uclass
                0x000000001781e328       0xdc drivers/built-in.o
                0x000000001781e328                dm_dump_uclass
 .text.ahci_exec_ata_cmd
                0x000000001781e404      0x260 drivers/built-in.o
 .text.dwc_ahsata_rw_cmd_ext
                0x000000001781e664       0xe0 drivers/built-in.o
 .text.dwc_ahsata_rw_cmd
                0x000000001781e744       0xc8 drivers/built-in.o
 .text.init_sata
                0x000000001781e80c      0x56c drivers/built-in.o
                0x000000001781e80c                init_sata
 .text.reset_sata
                0x000000001781ed78       0x64 drivers/built-in.o
                0x000000001781ed78                reset_sata
 .text.dwc_ahsata_flush_cache
                0x000000001781eddc       0x7c drivers/built-in.o
                0x000000001781eddc                dwc_ahsata_flush_cache
 .text.dwc_ahsata_flush_cache_ext
                0x000000001781ee58       0x7c drivers/built-in.o
                0x000000001781ee58                dwc_ahsata_flush_cache_ext
 .text.ata_low_level_rw_lba48
                0x000000001781eed4       0x84 drivers/built-in.o
                0x000000001781eed4                ata_low_level_rw_lba48
 .text.ata_low_level_rw_lba28
                0x000000001781ef58       0x78 drivers/built-in.o
                0x000000001781ef58                ata_low_level_rw_lba28
 .text.sata_read
                0x000000001781efd0       0x40 drivers/built-in.o
                0x000000001781efd0                sata_read
 .text.sata_write
                0x000000001781f010       0x7c drivers/built-in.o
                0x000000001781f010                sata_write
 .text.scan_sata
                0x000000001781f08c      0x390 drivers/built-in.o
                0x000000001781f08c                scan_sata
 .text.ata_id_n_sectors
                0x000000001781f41c       0x7c drivers/built-in.o
                0x000000001781f41c                ata_id_n_sectors
 .text.ata_id_c_string
                0x000000001781f498       0x78 drivers/built-in.o
                0x000000001781f498                ata_id_c_string
 .text.ata_swap_buf_le16
                0x000000001781f510        0x4 drivers/built-in.o
                0x000000001781f510                ata_swap_buf_le16
 .text.finish_access
                0x000000001781f514       0x2c drivers/built-in.o
 .text.setup_direct_access
                0x000000001781f540      0x120 drivers/built-in.o
 .text.prepare_access
                0x000000001781f660       0xcc drivers/built-in.o
 .text.fuse_bank_physical
                0x000000001781f72c       0xd4 drivers/built-in.o
                0x000000001781f72c                fuse_bank_physical
 .text.fuse_word_physical
                0x000000001781f800       0x40 drivers/built-in.o
                0x000000001781f800                fuse_word_physical
 .text.fuse_read
                0x000000001781f840       0x80 drivers/built-in.o
                0x000000001781f840                fuse_read
 .text.fuse_sense
                0x000000001781f8c0       0x94 drivers/built-in.o
                0x000000001781f8c0                fuse_sense
 .text.fuse_prog
                0x000000001781f954       0x88 drivers/built-in.o
                0x000000001781f954                fuse_prog
 .text.fuse_override
                0x000000001781f9dc       0x78 drivers/built-in.o
                0x000000001781f9dc                fuse_override
 .text.dfu_write_buffer_drain
                0x000000001781fa54       0xa8 drivers/built-in.o
 .text.dfu_free_buf
                0x000000001781fafc       0x20 drivers/built-in.o
                0x000000001781fafc                dfu_free_buf
 .text.dfu_get_buf_size
                0x000000001781fb1c       0x10 drivers/built-in.o
                0x000000001781fb1c                dfu_get_buf_size
 .text.dfu_get_buf
                0x000000001781fb2c       0xb8 drivers/built-in.o
                0x000000001781fb2c                dfu_get_buf
 .text.dfu_write_transaction_cleanup
                0x000000001781fbe4       0x44 drivers/built-in.o
                0x000000001781fbe4                dfu_write_transaction_cleanup
 .text.dfu_flush
                0x000000001781fc28       0x64 drivers/built-in.o
                0x000000001781fc28                dfu_flush
 .text.dfu_write
                0x000000001781fc8c      0x184 drivers/built-in.o
                0x000000001781fc8c                dfu_write
 .text.dfu_read
                0x000000001781fe10      0x26c drivers/built-in.o
                0x000000001781fe10                dfu_read
 .text.dfu_free_entities
                0x000000001782007c       0x9c drivers/built-in.o
                0x000000001782007c                dfu_free_entities
 .text.dfu_config_entities
                0x0000000017820118      0x278 drivers/built-in.o
                0x0000000017820118                dfu_config_entities
 .text.dfu_init_env_entities
                0x0000000017820390       0x90 drivers/built-in.o
                0x0000000017820390                dfu_init_env_entities
 .text.dfu_get_dev_type
                0x0000000017820420       0x3c drivers/built-in.o
                0x0000000017820420                dfu_get_dev_type
 .text.dfu_get_layout
                0x000000001782045c       0x3c drivers/built-in.o
                0x000000001782045c                dfu_get_layout
 .text.dfu_show_entities
                0x0000000017820498       0x74 drivers/built-in.o
                0x0000000017820498                dfu_show_entities
 .text.dfu_get_alt_number
                0x000000001782050c       0x10 drivers/built-in.o
                0x000000001782050c                dfu_get_alt_number
 .text.dfu_get_entity
                0x000000001782051c       0x40 drivers/built-in.o
                0x000000001782051c                dfu_get_entity
 .text.mmc_block_op
                0x000000001782055c      0x1e0 drivers/built-in.o
 .text.mmc_file_op
                0x000000001782073c      0x19c drivers/built-in.o
 .text.dfu_free_entity_mmc
                0x00000000178208d8       0x28 drivers/built-in.o
                0x00000000178208d8                dfu_free_entity_mmc
 .text.dfu_write_medium_mmc
                0x0000000017820900       0xb8 drivers/built-in.o
                0x0000000017820900                dfu_write_medium_mmc
 .text.dfu_flush_medium_mmc
                0x00000000178209b8       0x48 drivers/built-in.o
                0x00000000178209b8                dfu_flush_medium_mmc
 .text.dfu_get_medium_size_mmc
                0x0000000017820a00       0x90 drivers/built-in.o
                0x0000000017820a00                dfu_get_medium_size_mmc
 .text.dfu_read_medium_mmc
                0x0000000017820a90       0xe4 drivers/built-in.o
                0x0000000017820a90                dfu_read_medium_mmc
 .text.dfu_fill_entity_mmc
                0x0000000017820b74      0x320 drivers/built-in.o
                0x0000000017820b74                dfu_fill_entity_mmc
 .text.dfu_get_medium_size_sf
                0x0000000017820e94        0x8 drivers/built-in.o
 .text.dfu_read_medium_sf
                0x0000000017820e9c       0x28 drivers/built-in.o